nnntnnnn
gnnnnnfn
nnnngnnn
nansnnnh
nnnnnnnn
ngnnnvnn
cnnnnnnn
nnknngnn

ngnnnntn
nnansnnn
nnnnnnng
cnnnnnnn
nnnnvnnn
gnnnnnng
nknnnnhn
nnnfnnnn

snnnnnnn
nngnncnn
nhnnnnnt
nnnnnnnn
gnntnnnn
nnnnnann
nfnnnngn
nnkngnnn

nnnnngnn
antnnnng
nnnngnnn
nnnnnnfn
nvnnnnnn
nnnnsnnn
nnncnnnk
ngnnnhnn

nnnnnnng
ntngnnfn
nnnnnnnn
gnnncnnn
nsnnnnnn
nnnnnnvn
knngnnnn
nnnnanhn

ntnnnngn
nngnnnns
nnnnvnnn
annnnnnn
nncnnnng
nnnnnnfn
gnnnnknn
nnhnnnnn

nnntnnnn
nnnnncnn
sngnnnnh
nnnnnngn
nnvnnnnn
nnnnngnn
nannnnnf
nnngnnkn

nnnnnnng
ntngnnfn
nnnnnnnn
gnnncnnn
nsnnnnnn
nnnnnnvn
knngnnnn
nnnnanhn

ntnnnngn
nngnnnns
nnnnvnnn
annnnnnn
nncnnnng
nnnnnnfn
gnnnnknn
nnhnnnnn

ngnnnntn
nnansnnn
nnnnnnng
cnnnnnnn
nnnnvnnn
gnnnnnng
nknnnnhn
nnnfnnnn

tnnnnngn
nnnhnfnn
nnnnnnnn
cnnnsnnn
nnnnnnan
nnvnnnng
nnnnnnnn
gnnngnnk

nnntnnnn
gnnnnnfn
nnnngnnn
nansnnnh
nnnnnnnn
ngnnnvnn
cnnnnnnn
nnknngnn

nnnnngnn
antnnnng
nnnngnnn
nnnnnnfn
nvnnnnnn
nnnnsnnn
nnncnnnk
ngnnnhnn

nnntnnnn
nnnnncnn
sngnnnnh
nnnnnngn
nnvnnnnn
nnnnngnn
nannnnnf
nnngnnkn

ntnnnngn
nngnnnns
nnnnvnnn
annnnnnn
nncnnnng
nnnnnnfn
gnnnnknn
nnhnnnnn

snnnnnnn
nngnncnn
nhnnnnnt
nnnnnnnn
gnnvnnnn
nnnnnann
nfnnnngn
nnkngnnn

nnnnnnng
ntngnnfn
nnnnnnnn
gnnncnnn
nsnnnnnn
nnnnnnvn
knngnnnn
nnnnanhn

nnnnngnn
antnnnng
nnnngnnn
nnnnnnfn
nvnnnnnn
nnnnsnnn
nnncnnnk
ngnnnhnn

tnnnnngn
nnnhnfnn
nnnnnnnn
cnnnsnnn
nnnnnnan
nnvnnnng
nnnnnnnn
gnnngnnk

snnnnnnn
nngnncnn
nhnnnnnt
nnnnnnnn
gnnvnnnn
nnnnnann
nfnnnngn
nnkngnnn

ntnnnngn
nngnnnns
nnnnvnnn
annnnnnn
nncnnnng
nnnnnnfn
gnnnnknn
nnhnnnnn

nnntnnnn
gnnnnnfn
nnnngnnn
nansnnnh
nnnnnnnn
ngnnnvnn
cnnnnnnn
nnknngnn

ngnnnntn
nnansnnn
nnnnnnng
cnnnnnnn
nnnnvnnn
gnnnnnng
nknnnnhn
nnnfnnnn

nnnnngnn
antnnnng
nnnngnnn
nnnnnnfn
nvnnnnnn
nnnnsnnn
nnncnnnk
ngnnnhnn

nnnnnnng
ntngnnfn
nnnnnnnn
gnnncnnn
nsnnnnnn
nnnnnnvn
knngnnnn
nnnnanhn

nnntnnnn
gnnnnnfn
nnnngnnn
nansnnnh
nnnnnnnn
ngnnnvnn
cnnnnnnn
nnknngnn

ngnnnntn
nnansnnn
nnnnnnng
cnnnnnnn
nnnnvnnn
gnnnnnng
nknnnnhn
nnnfnnnn

tnnnnngn
nnnhnfnn
nnnnnnnn
cnnnsnnn
nnnnnnan
nnvnnnng
nnnnnnnn
gnnngnnk

nnntnnnn
nnnnncnn
sngnnnnh
nnnnngnn
nnvnnnnn
nnnnngnn
nannnnnf
nnngnnkn

snnnnnnn
nngnncnn
nhnnnnnt
nnnnnnnn
gnnvnnnn
nnnnnann
nfnnnngn
nnkngnnn

nnntnnnn
nnnnncnn
sngnnnnh
nnnnnngn
nnvnnnnn
nnnnngnn
nannnnnf
nnngnnkn

tnnnnngn
nnnhnfnn
nnnnnnnn
cnnnsnnn
nnnnnnan
nnvnnnng
nnnnnnnn
gnnngnnk
