mwppppwd
mwwwwwwd
mmmmpppp
ppmmppmm
ppddppmm
dddddvmm
dwwwwwwm
dwddddwm

ppmmmmpp
pppmmddp
dddppddm
ddppppmm
wwwwvmmm
wwwwdmmm
wwwwdddp
wwwwdddp

pmmmdddd
pmmmmdww
ppmmmwwd
pppmwwwd
ddpvwppd
ddddwppd
wwwwwwww
pppmmmmm

pwppppdd
pwmmppdd
pwwmmddd
pwwwwwwd
pvmmmwwp
pdmmmmwd
ddddddwp
mmmmmmwp

wwdmmdwd
wddmddwd
ddmmdwwd
mmmpdwdd
pppppwdm
pppwwwvm
mwwwpppm
mwpppmmm

dwddmmmp
dwddmmmp
pwwwvppp
pwwddwww
ppdddwwm
pppdwwwm
mmmmddwm
wwmmddwm

mwdmmdwp
mwdmmdwp
dwddddwp
dwwwwwwp
ddvppppp
ddmmppdd
ppmmmmww
ppmmmmww

wwdmmdwd
wddmddwd
ddmmdwwd
mmmpdwdd
pppppwdm
pppwwwvm
mwwwpppm
mwpppmmm

dwddmmmp
dwddmmmp
pwwwvppp
pwwddppp
ppdddwwm
pppdwwwm
mmmmddwm
wwmmddwm

ppmmmmpp
pppmmddp
dddppddm
ddppppmm
wwwwvmmm
wwwwdmmm
wwwwdddp
wwwwdddp

wwpppmmm
wdppwwmm
ddppdwpp
ddppddpp
mmpdddpp
mmvdddww
mmwwddww
mwwwwmmm

mwppppwd
mwwwwwwd
mmmmpppp
ppmmppmm
ppddppmm
dddddvmm
dwwwwwwm
dwddddwm

pwppppdd
pwmmppdd
pwwmmddd
pwwwwwwd
pvmmmwwd
pdmmmmwp
ddddddwp
mmmmmmwp

mwdmmdwp
mwdmmdwp
dwddddwp
dwwwwwwp
ddvppppp
ddmmppdd
ppmmmmww
ppmmmmww

dwddmmmp
dwddmmmp
pwwwvppp
pwwddppp
ppdddwwm
pppdwwwm
mmmmddwm
wwmmddwm

pmmmdddd
pmmmmdww
ppmmmwwd
pppmwwpd
ddpvwppd
ddddwppd
wwwwwwww
pppmmmmm

wwdmmdwd
wddmddwd
ddmmdwwd
mmmpdwdd
pppppwdm
pppwwwvm
mwwwpppm
mwpppmmm

pwppppdd
pwmmppdd
pwwmmddd
pwwwwwwd
pvmmmwwd
pdmmmmwp
ddddddwp
mmmmmmwp

wwpppmmm
wdppwwmm
ddppdwpp
ddppddpp
mmpdddpp
mmvdddww
mmwwddww
mwwwwmmm

pmmmdddd
pmmmmdww
ppmmmwwd
pppmwwpd
ddpvwppd
ddddwppd
wwwwwwww
pppmmmmm

dwddmmmp
dwddmmmp
pwwwvppp
pwwddppp
ppdddwwm
pppdwwwm
mmmmddwm
wwmmddwm

mwppppwd
mwwwwwwd
mmmmpppp
ppmmppmm
ppddppmm
dddddvmm
dwwwwwwm
dwddddwm

ppmmmmpp
pppmmddp
dddppddm
ddppppmm
wwwwvmmm
wwwwdmmm
wwwwdddp
wwwwdddp

pwppppdd
pwmmppdd
pwwmmddd
pwwwwwwd
pvmmmwwp
pdmmmmwp
ddddddwp
mmmmmmwp

wwdmmdwd
wddmddwd
ddmmdwwd
mmmpdwdd
pppppwdm
pppwwwvm
mwwwpppm
mwpppmmm

mwppppwd
mwwwwwwd
mmmmpppp
ppmmppmm
ppddppmm
dddddvmm
dwwwwwwm
dwddddwm

ppmmmmpp
pppmmddp
dddppddm
ddppppmm
wwwwvmmm
wwwwdmmm
wwwwdddp
wwwwdddp

wwpppmmm
wdppwwmm
ddppdwdd
ddppddpp
mmpdddpp
mmvdddww
mmwwddww
mwwwwmmm

mwdmmdwp
mwdmmdwp
dwddddwp
dwwwwwwp
ddvppppp
ddmmppdd
ppmmmmww
ppmmmmww

pmmmdddd
pmmmmdww
ppmmmwwd
pppmwwpd
ddpvwppd
ddddwppd
wwwwwwww
pppmmmmm

mwdmmdwp
mwdmmdwp
dwddddwp
dwwwwwwp
ddvppppp
ddmmppdd
ppmmmmww
ppmmmmww

wwpppmmm
wdppwwmm
ddppdwpp
ddppddpp
mmpdddpp
mmvdddww
mmwwddww
mwwwwddd
